% mean class accuracy (test set)	
 5.6533e+01	
 6.1800e+01	
 6.2600e+01	
 6.4533e+01	
 6.5100e+01	
 6.4667e+01	
 6.0300e+01	
 6.6400e+01	
 6.6867e+01	
 6.5600e+01	
 6.0167e+01	
 6.3500e+01	
